C51 COMPILER V8.12   PATTERN_DISPLAY_EXAMPLE2                                              03/23/2025 15:53:13 PAGE 1   


C51 COMPILER V8.12, COMPILATION OF MODULE PATTERN_DISPLAY_EXAMPLE2
OBJECT MODULE PLACED IN Pattern_display_example2.OBJ
COMPILER INVOKED BY: C:\Keil\C51\BIN\C51.EXE Pattern_display_example2.c BROWSE DEBUG OBJECTEXTEND

line level    source

   1          #include <REGX51.h>
   2          
   3          #define LED_PORT P2
   4          void delay(unsigned char ms)
   5                  {
   6   1              unsigned int i;
   7   1              unsigned char j;
   8   1              for (i = 0; i < 1275; i++)
   9   1              for(j = 0; j < ms; j++);
  10   1      }
  11          void main()
  12          {       int i;
  13   1              LED_PORT = 0x00;
  14   1              while(1)
  15   1              {       
  16   2                      LED_PORT=0xFF;
  17   2                      for (i= 0; i <= 8; i++) 
  18   2                      {
  19   3                        LED_PORT&=~(1<<i);
  20   3                        delay(100);
  21   3                      }                                                       
  22   2              }
  23   1      } 


MODULE INFORMATION:   STATIC OVERLAYABLE
   CODE SIZE        =     68    ----
   CONSTANT SIZE    =   ----    ----
   XDATA SIZE       =   ----    ----
   PDATA SIZE       =   ----    ----
   DATA SIZE        =   ----    ----
   IDATA SIZE       =   ----    ----
   BIT SIZE         =   ----    ----
END OF MODULE INFORMATION.


C51 COMPILATION COMPLETE.  0 WARNING(S),  0 ERROR(S)
